     1                                 %line 1+1 test.asm
     2                                 
     3                                 
     4                                 
     5                                 
     6                                 
     7                                 
     8                                 
     9                                 
    10                                 
    11                                 
    12                                 
    13                                 
    14                                 
    15                                 
    16                                 
    17                                 
    18                                 
    19                                 
    20                                 
    21                                 
    22                                 
    23                                 
    24                                 
    25                                 
    26                                 
    27                                 
    28                                 
    29                                 
    30                                 
    31                                 
    32                                 
    33                                 
    34                                 
    35                                 
    36                                 
    37                                 
    38                                 
    39                                 
    40                                 
    41                                 
    42                                 
    43                                 
    44                                 
    45                                 
    46                                 
    47                                 
    48                                 
    49                                 
    50                                 
    51                                 
    52                                 
    53                                 
    54                                 
    55                                 
    56                                 
    57                                 
    58                                 
    59                                 
    60                                 
    61                                 
    62                                 
    63                                 
    64                                 
    65                                 
    66                                 
    67                                 
    68                                 
    69                                 
    70                                 
    71                                 
    72                                 
    73                                 
    74 00000000 57656C636F6D652074-     msg db 'Welcome to Tutorials Point'
    75 00000000 6F205475746F726961-
    76 00000000 6C7320506F696E74   
    77                                  len equ $-msg
    78 0000001A 5772697474656E2074-     msg_done db 'Written to file', 0xa
    79 0000001A 6F2066696C650A     
    80                                  len_done equ $-msg_done
    81 0000002A 696E70757454657874-     fileName2 db "inputText.txt"
    82 0000002A 2E747874           
    83 00000037 6D7966696C652E7478-     file_name db 'myfile.txt'
    84 00000037 74                 
    85                                 
    86                                 [section .bss]
    87 00000000 <gap>                   fd_out resb 1
    88 00000001 <gap>                   fd_in resb 1
    89 00000002 <gap>                   info resb 26
    90                                 [section .text]
    91                                 [global _start]
    92                                 
    93                                 _start:
    94                                 
    95 00000041 B808000000              mov eax, 8
    96 00000046 BB[00000000]            mov ebx, file_name
    97 0000004B B909030000              mov ecx, 0777
    98 00000050 CD80                    int 0x80
    99                                 
   100 00000052 890425[00000000]        mov [fd_out], eax
   101                                 
   102                                 
   103 00000059 B806000000              mov eax, 6
   104 0000005E 8B1C25[00000000]        mov ebx, [fd_out]
   105                                 
   106                                 
   107 00000065 B805000000              mov eax, 5
   108 0000006A BB[00000000]            mov ebx, fileName2
   109 0000006F B900000000              mov ecx, 0
   110 00000074 BA09030000              mov edx, 0777
   111 00000079 CD80                    int 0x80
   112                                 
   113 0000007B 890425[00000000]        mov [fd_in], eax
   114                                 
   115                                 
   116 00000082 B803000000              mov eax, 3
   117 00000087 8B1C25[00000000]        mov ebx, [fd_in]
   118 0000008E B9[00000000]            mov ecx, info
   119 00000093 BA1A000000              mov edx, 26
   120 00000098 CD80                    int 0x80
   121                                 
   122 0000009A B806000000              mov eax, 6
   123 0000009F 8B1C25[00000000]        mov ebx, [fd_in]
   124 000000A6 CD80                    int 0x80
   125                                 
   126                                 
   127 000000A8 B804000000              mov eax, 4
   128 000000AD BB01000000              mov ebx, 1
   129 000000B2 B9[00000000]            mov ecx, info
   130 000000B7 BA1A000000              mov edx, 26
   131 000000BC CD80                    int 0x80
   132                                 
   133 000000BE B801000000              mov eax,1
   134 000000C3 CD80                    int 0x80
